
Memory Configuration

Name             Origin             Length             Attributes
FLASH            0x0000000008000000 0x0000000000080000 xr
SRAM             0x0000000020000000 0x0000000000020000 xrw
*default*        0x0000000000000000 0xffffffffffffffff

Linker script and memory map

LOAD object/kmath.o
LOAD object/kfloat.o
LOAD object/cm4.o
LOAD object/mcu_info.o
LOAD object/kstring.o
LOAD object/kmain.o
LOAD object/stm32_startup.o
LOAD object/sys_clock.o
LOAD object/sys_usart.o
LOAD object/sys_gpio.o
LOAD object/kstdio.o
LOAD object/sys_init.o
LOAD object/unistd.o
LOAD object/times.o
LOAD object/serial_lin.o
LOAD object/UsartRingBuffer.o
LOAD object/debug.o
LOAD object/timer.o
LOAD object/sys_err.o
LOAD object/sys_rtc.o

.text           0x0000000008000000     0x49b0
                0x0000000008000000                _stext = .
 *(.isr_vector)
 .isr_vector    0x0000000008000000      0x1c4 object/stm32_startup.o
                0x0000000008000000                NVIC_VECTOR
 *(.text)
 .text          0x00000000080001c4       0x4e object/kmath.o
                0x00000000080001c4                __pow
 *fill*         0x0000000008000212        0x2 
 .text          0x0000000008000214      0xf10 object/kfloat.o
                0x0000000008000214                __aeabi_f2d
                0x00000000080002da                __aeabi_d2f
                0x0000000008000362                __aeabi_d2iz
                0x00000000080003f2                __aeabi_d2i
                0x0000000008000482                get_decimal_part
                0x000000000800056c                __aeabi_ui2d
                0x00000000080005ec                __aeabi_d2uiz
                0x0000000008000662                __aeabi_dsub
                0x000000000800093c                __aeabi_dmul
                0x0000000008000af2                __aeabi_dadd
                0x0000000008000dba                __aeabi_d2ulz
                0x0000000008000e38                __aeabi_ddiv
                0x00000000080010e4                __aeabi_dcmpeq
 .text          0x0000000008001124      0x370 object/cm4.o
                0x0000000008001190                __SysTick_init
                0x0000000008001214                SysTickIntDisable
                0x0000000008001234                SysTickIntEnable
                0x0000000008001254                __SysTick_enable
                0x0000000008001280                __sysTick_disable
                0x00000000080012ac                __getSysTickCount
                0x00000000080012c4                __updateSysTick
                0x000000000800131c                __getTime
                0x0000000008001378                __get__Second
                0x0000000008001390                __get__Minute
                0x00000000080013a8                __get__Hour
                0x00000000080013c0                SysTick_Handler
                0x00000000080013f4                __enable_fpu
                0x0000000008001418                ms_delay
                0x0000000008001442                getmsTick
                0x0000000008001450                wait_until
                0x0000000008001482                SYS_SLEEP_WFI
 .text          0x0000000008001494      0x1a8 object/mcu_info.o
                0x0000000008001494                show_system_info
                0x0000000008001540                store_product_id
                0x0000000008001628                get_product_id
 .text          0x000000000800163c      0x91c object/kstring.o
                0x000000000800163c                __str_to_num
                0x000000000800171e                __reverse_str
                0x000000000800177c                __strlen
                0x00000000080017aa                convert
                0x0000000008001828                convertu32
                0x0000000008001880                float2str
                0x000000000800194c                str2float
                0x0000000008001a4e                kmemset
                0x0000000008001a9a                StrCat
                0x0000000008001ae4                strcopy
                0x0000000008001b1e                clear_str
                0x0000000008001b5c                strncopy
                0x0000000008001bae                strn4mcopy
                0x0000000008001bfc                byte_to_hex
                0x0000000008001c70                show_byte_hex_str
                0x0000000008001cb8                show_byte_stream_hex
                0x0000000008001cf8                strcomp
                0x0000000008001d48                strncopy_cmd
                0x0000000008001d96                uint16_to_str
                0x0000000008001ee8                strCat_n_to_m
 .text          0x0000000008001f58       0x78 object/kmain.o
                0x0000000008001f58                kmain
 .text          0x0000000008001fd0       0xe0 object/stm32_startup.o
                0x0000000008001fd0                Reset_Handler
                0x0000000008002088                RTC_WKUP_Handler
                0x0000000008002088                FLASH_Handler
                0x0000000008002088                DMA2_Stream7_Handler
                0x0000000008002088                OTG_HS_Handler
                0x0000000008002088                DMA2_Stream3_Handler
                0x0000000008002088                USART3_Handler
                0x0000000008002088                PendSV_Handler
                0x0000000008002088                NMI_Handler
                0x0000000008002088                SAI1_Handler
                0x0000000008002088                TIM6_DAC_Handler
                0x0000000008002088                CAN1_RX1_Handler
                0x0000000008002088                EXTI15_10_Handler
                0x0000000008002088                ADC_Handler
                0x0000000008002088                I2C1_EV_Handler
                0x0000000008002088                TAMP_STAMP_Handler
                0x0000000008002088                I2C3_ER_Handler
                0x0000000008002088                WWDG_Handler
                0x0000000008002088                EXTI4_Handler
                0x0000000008002088                I2C3_EV_Handler
                0x0000000008002088                DMA1_Stream1_Handler
                0x0000000008002088                DMA2_Stream4_Handler
                0x0000000008002088                DMA1_Stream7_Handler
                0x0000000008002088                OTG_FS_Handler
                0x0000000008002088                TIM1_BRK_TIM9_Handler
                0x0000000008002088                I2C1_ER_Handler
                0x0000000008002088                DMA1_Stream3_Handler
                0x0000000008002088                UsageFault_Handler
                0x0000000008002088                TIM1_UP_TIM10_Handler
                0x0000000008002088                CAN1_RX0_Handler
                0x0000000008002088                TIM1_CC_Handler
                0x0000000008002088                I2C2_ER_Handler
                0x0000000008002088                TIM8_CC_Handler
                0x0000000008002088                HDMI_CEC_Handler
                0x0000000008002088                SAI2_Handler
                0x0000000008002088                CAN1_SCE_Handler
                0x0000000008002088                DMA1_Stream0_Handler
                0x0000000008002088                OTG_HS_EP1_OUT_Handler
                0x0000000008002088                EXTI1_Handler
                0x0000000008002088                FMC_Handler
                0x0000000008002088                EXTI3_Handler
                0x0000000008002088                EXTI2_Handler
                0x0000000008002088                UART4_Handler
                0x0000000008002088                CAN2_RX1_Handler
                0x0000000008002088                EXTI9_5_Handler
                0x0000000008002088                USART1_Handler
                0x0000000008002088                CAN2_SCE_Handler
                0x0000000008002088                TIM3_Handler
                0x0000000008002088                DMA2_Stream6_Handler
                0x0000000008002088                Default_Handler
                0x0000000008002088                DCMI_Handler
                0x0000000008002088                TIM1_TRG_COM_TIM11_Handler
                0x0000000008002088                RTC_Alarm_Handler
                0x0000000008002088                TIM4_Handler
                0x0000000008002088                TIM8_UP_TIM13_Handler
                0x0000000008002088                CAN2_TX_Handler
                0x0000000008002088                SPI2_Handler
                0x0000000008002088                DMA2_Stream1_Handler
                0x0000000008002088                DMA1_Stream2_Handler
                0x0000000008002088                EXTI0_Handler
                0x0000000008002088                TIM8_BRK_TIM12_Handler
                0x0000000008002088                CAN2_RX0_Handler
                0x0000000008002088                DMA2_Stream5_Handler
                0x0000000008002088                DMA1_Stream6_Handler
                0x0000000008002088                SDIO_Handler
                0x0000000008002088                FMPI2C1_ERR_Handler
                0x0000000008002088                SPI1_Handler
                0x0000000008002088                I2C2_EV_Handler
                0x0000000008002088                SPDIF_Rx_Handler
                0x0000000008002088                DMA2_Stream2_Handler
                0x0000000008002088                SPI3_Handler
                0x0000000008002088                DMA2_Stream0_Handler
                0x0000000008002088                RCC_Handler
                0x0000000008002088                PVD_Handler
                0x0000000008002088                UART5_Handler
                0x0000000008002088                DMA1_Stream5_Handler
                0x0000000008002088                TIM5_Handler
                0x0000000008002088                QuadSPI_Handler
                0x0000000008002088                TIM7_Handler
                0x0000000008002088                TIM8_TRG_COM_TIM14_Handler
                0x0000000008002088                CAN1_TX_Handler
                0x0000000008002088                FPU_Handler
                0x0000000008002088                FMPI2C1_Handler
                0x0000000008002088                DMA1_Stream4_Handler
                0x0000000008002088                DebugMonitor_Handler
                0x0000000008002088                OTG_HS_WKUP_Handler
                0x0000000008002088                OTG_FS_WKUP_Handler
                0x0000000008002088                SPI4_Handler
                0x0000000008002088                OTG_HS_EP1_IN_Handler
                0x000000000800208e                HardFault_Handler
                0x0000000008002094                MemManage_Handler
                0x000000000800209a                BusFault_Handler
                0x00000000080020a0                SVCall_Handler
 .text          0x00000000080020b0      0x308 object/sys_clock.o
                0x00000000080020b0                __init_sys_clock
                0x000000000800217c                __APB1CLK_FREQ
                0x00000000080021f8                __APB2CLK_FREQ
                0x0000000008002274                __PLL_SYS_CLK
                0x000000000800230c                __AHB_CLK
 .text          0x00000000080023b8      0x584 object/sys_usart.o
                0x0000000008002468                UART_Init
                0x0000000008002502                UART_DeInit
                0x0000000008002570                UART_BRR_SAMPLING16
                0x0000000008002704                UART_MspInit
 .text          0x000000000800293c      0x5c0 object/sys_gpio.o
                0x000000000800293c                GPIO_WritePin
                0x0000000008002970                GPIO_Init
                0x0000000008002c78                GPIO_DeInit
                0x0000000008002e60                SPI_GPIOInit
 .text          0x0000000008002efc      0x350 object/kstdio.o
                0x0000000008002efc                kprintf
                0x0000000008003090                putstr
                0x00000000080030dc                kscanf
 .text          0x000000000800324c      0x120 object/sys_init.o
                0x0000000008003294                __sys_init
                0x0000000008003350                SYS_ROUTINE
                0x000000000800335c                display_group_info
 .text          0x000000000800336c        0x0 object/unistd.o
 .text          0x000000000800336c        0x0 object/times.o
 .text          0x000000000800336c      0x1b8 object/serial_lin.o
                0x000000000800336c                SerialLin2_init
                0x0000000008003404                SerialLin6_init
                0x000000000800349c                USART2_Handler
                0x00000000080034b0                USART6_Handler
                0x00000000080034c4                noIntWrite
                0x00000000080034f4                noIntSendString
 .text          0x0000000008003524      0xb7c object/UsartRingBuffer.o
                0x0000000008003524                Ringbuf_init
                0x00000000080035be                Look_for
                0x000000000800365e                GetDataFromBuffer
                0x000000000800379e                Uart_flush
                0x00000000080037da                Uart_peek
                0x0000000008003854                Uart_read
                0x00000000080038f4                Uart_write
                0x00000000080039ac                IsDataAvailable
                0x0000000008003a30                Get_after
                0x0000000008003a8e                Uart_sendstring
                0x0000000008003abc                Uart_printbase
                0x0000000008003b54                Copy_upto
                0x0000000008003c54                Wait_for
                0x0000000008003d3e                look_for_frame
                0x0000000008003ea4                Uart_isr
                0x0000000008003fb2                update_tail
                0x0000000008004018                debug_buffer
 .text          0x00000000080040a0      0x110 object/debug.o
                0x00000000080040a0                __debugRamUsage
                0x00000000080040ec                __digitalWriteDebugButton
                0x0000000008004148                __digitalReadDebugButton
                0x0000000008004178                __alalogReadDebug
                0x0000000008004190                __analogWriteDebug
 .text          0x00000000080041b0      0x228 object/timer.o
                0x00000000080041ec                ConfigTimer2ForSystem
                0x0000000008004268                Delay_micro_second
                0x00000000080042fc                Delay
                0x000000000800432a                getMiliseconds
                0x000000000800436c                getMicroseconds
                0x000000000800439c                TIM2_Handler
 .text          0x00000000080043d8       0x12 object/sys_err.o
                0x00000000080043d8                Error_Handler
 *fill*         0x00000000080043ea        0x2 
 .text          0x00000000080043ec      0x364 object/sys_rtc.o
                0x00000000080043ec                SYS_RTC_init
                0x0000000008004694                get_timeofDay
 *(.rodata)
 .rodata        0x0000000008004750        0x9 object/cm4.o
 *fill*         0x0000000008004759        0x3 
 .rodata        0x000000000800475c       0x64 object/mcu_info.o
 .rodata        0x00000000080047c0        0xa object/kstring.o
 *fill*         0x00000000080047ca        0x2 
 .rodata        0x00000000080047cc       0xd1 object/kmain.o
 *fill*         0x000000000800489d        0x3 
 .rodata        0x00000000080048a0        0x4 object/stm32_startup.o
                0x00000000080048a0                STACK_START
 .rodata        0x00000000080048a4       0x18 object/sys_clock.o
                0x00000000080048a4                AHBPrescTable
                0x00000000080048b4                APBPrescTable
 .rodata        0x00000000080048bc       0xf3 object/sys_init.o
                0x00000000080049b0                . = ALIGN (0x4)
 *fill*         0x00000000080049af        0x1 
                0x00000000080049b0                _etext = .
                0x00000000080049b0                _la_data = LOADADDR (.data)

.glue_7         0x00000000080049b0        0x0
 .glue_7        0x00000000080049b0        0x0 linker stubs

.glue_7t        0x00000000080049b0        0x0
 .glue_7t       0x00000000080049b0        0x0 linker stubs

.vfp11_veneer   0x00000000080049b0        0x0
 .vfp11_veneer  0x00000000080049b0        0x0 linker stubs

.v4_bx          0x00000000080049b0        0x0
 .v4_bx         0x00000000080049b0        0x0 linker stubs

.iplt           0x00000000080049b0        0x0
 .iplt          0x00000000080049b0        0x0 object/kfloat.o

.rel.dyn        0x00000000080049b0        0x0
 .rel.iplt      0x00000000080049b0        0x0 object/kfloat.o

.data           0x0000000020000000       0x6c load address 0x00000000080049b0
                0x0000000020000000                _sdata = .
 *(.data)
 .data          0x0000000020000000        0x0 object/kmath.o
 .data          0x0000000020000000        0x0 object/kfloat.o
 .data          0x0000000020000000        0x0 object/cm4.o
 .data          0x0000000020000000        0x0 object/mcu_info.o
 .data          0x0000000020000000       0x61 object/kstring.o
 .data          0x0000000020000061        0x0 object/kmain.o
 .data          0x0000000020000061        0x0 object/stm32_startup.o
 .data          0x0000000020000061        0x0 object/sys_clock.o
 .data          0x0000000020000061        0x0 object/sys_usart.o
 .data          0x0000000020000061        0x0 object/sys_gpio.o
 .data          0x0000000020000061        0x0 object/kstdio.o
 .data          0x0000000020000061        0x0 object/sys_init.o
 .data          0x0000000020000061        0x0 object/unistd.o
 .data          0x0000000020000061        0x0 object/times.o
 *fill*         0x0000000020000061        0x3 
 .data          0x0000000020000064        0x8 object/serial_lin.o
                0x0000000020000064                errObj
 .data          0x000000002000006c        0x0 object/UsartRingBuffer.o
 .data          0x000000002000006c        0x0 object/debug.o
 .data          0x000000002000006c        0x0 object/timer.o
 .data          0x000000002000006c        0x0 object/sys_err.o
 .data          0x000000002000006c        0x0 object/sys_rtc.o
                0x000000002000006c                . = ALIGN (0x4)
                0x000000002000006c                _edata = .

.igot.plt       0x000000002000006c        0x0 load address 0x0000000008004a1c
 .igot.plt      0x000000002000006c        0x0 object/kfloat.o

.bss            0x000000002000006c      0x905 load address 0x0000000008004a1c
                0x000000002000006c                _sbss = .
 *(.bss)
 .bss           0x000000002000006c        0x0 object/kmath.o
 .bss           0x000000002000006c        0x0 object/kfloat.o
 .bss           0x000000002000006c       0x10 object/cm4.o
 .bss           0x000000002000007c       0x14 object/mcu_info.o
 .bss           0x0000000020000090       0x32 object/kstring.o
 .bss           0x00000000200000c2        0x0 object/kmain.o
 *fill*         0x00000000200000c2        0x2 
 .bss           0x00000000200000c4        0xc object/stm32_startup.o
                0x00000000200000c4                _bss_size
                0x00000000200000c8                _data_size
                0x00000000200000cc                _text_size
 .bss           0x00000000200000d0        0x0 object/sys_clock.o
 .bss           0x00000000200000d0        0x0 object/sys_usart.o
 .bss           0x00000000200000d0        0x0 object/sys_gpio.o
 .bss           0x00000000200000d0        0x0 object/kstdio.o
 .bss           0x00000000200000d0        0x0 object/sys_init.o
 .bss           0x00000000200000d0        0x0 object/unistd.o
 .bss           0x00000000200000d0        0x0 object/times.o
 .bss           0x00000000200000d0      0x890 object/serial_lin.o
                0x00000000200000d0                huart2
                0x0000000020000518                huart6
 .bss           0x0000000020000960        0x0 object/UsartRingBuffer.o
 .bss           0x0000000020000960        0xc object/debug.o
                0x0000000020000964                CURRENT_MSP
                0x0000000020000968                DEBUG_BUTTON
                0x000000002000096a                DEBUG_ANALOG_IO
 .bss           0x000000002000096c        0x5 object/timer.o
 .bss           0x0000000020000971        0x0 object/sys_err.o
 .bss           0x0000000020000971        0x0 object/sys_rtc.o
                0x0000000020000971                _ebss = .
OUTPUT(build/final.elf elf32-littlearm)
LOAD linker stubs

.comment        0x0000000000000000       0x33
 .comment       0x0000000000000000       0x33 object/kmath.o
                                         0x34 (size before relaxing)
 .comment       0x0000000000000033       0x34 object/kfloat.o
 .comment       0x0000000000000033       0x34 object/cm4.o
 .comment       0x0000000000000033       0x34 object/mcu_info.o
 .comment       0x0000000000000033       0x34 object/kstring.o
 .comment       0x0000000000000033       0x34 object/kmain.o
 .comment       0x0000000000000033       0x34 object/stm32_startup.o
 .comment       0x0000000000000033       0x34 object/sys_clock.o
 .comment       0x0000000000000033       0x34 object/sys_usart.o
 .comment       0x0000000000000033       0x34 object/sys_gpio.o
 .comment       0x0000000000000033       0x34 object/kstdio.o
 .comment       0x0000000000000033       0x34 object/sys_init.o
 .comment       0x0000000000000033       0x34 object/unistd.o
 .comment       0x0000000000000033       0x34 object/times.o
 .comment       0x0000000000000033       0x34 object/serial_lin.o
 .comment       0x0000000000000033       0x34 object/UsartRingBuffer.o
 .comment       0x0000000000000033       0x34 object/debug.o
 .comment       0x0000000000000033       0x34 object/timer.o
 .comment       0x0000000000000033       0x34 object/sys_err.o
 .comment       0x0000000000000033       0x34 object/sys_rtc.o

.ARM.attributes
                0x0000000000000000       0x32
 .ARM.attributes
                0x0000000000000000       0x32 object/kmath.o
 .ARM.attributes
                0x0000000000000032       0x32 object/kfloat.o
 .ARM.attributes
                0x0000000000000064       0x32 object/cm4.o
 .ARM.attributes
                0x0000000000000096       0x32 object/mcu_info.o
 .ARM.attributes
                0x00000000000000c8       0x32 object/kstring.o
 .ARM.attributes
                0x00000000000000fa       0x32 object/kmain.o
 .ARM.attributes
                0x000000000000012c       0x32 object/stm32_startup.o
 .ARM.attributes
                0x000000000000015e       0x32 object/sys_clock.o
 .ARM.attributes
                0x0000000000000190       0x32 object/sys_usart.o
 .ARM.attributes
                0x00000000000001c2       0x32 object/sys_gpio.o
 .ARM.attributes
                0x00000000000001f4       0x32 object/kstdio.o
 .ARM.attributes
                0x0000000000000226       0x32 object/sys_init.o
 .ARM.attributes
                0x0000000000000258       0x37 object/unistd.o
 .ARM.attributes
                0x000000000000028f       0x37 object/times.o
 .ARM.attributes
                0x00000000000002c6       0x32 object/serial_lin.o
 .ARM.attributes
                0x00000000000002f8       0x32 object/UsartRingBuffer.o
 .ARM.attributes
                0x000000000000032a       0x32 object/debug.o
 .ARM.attributes
                0x000000000000035c       0x32 object/timer.o
 .ARM.attributes
                0x000000000000038e       0x32 object/sys_err.o
 .ARM.attributes
                0x00000000000003c0       0x32 object/sys_rtc.o
